// Jest Snapshot v1, https://goo.gl/fbAQLP

exports[`theme should contain theme definitions 1`] = `
Object {
  "primary": "tomato",
}
`;
